../Core/Src/main.c:117:5:main	8	static
../Core/Src/main.c:164:5:ReadHeatFlameSensor	16	static
../Core/Src/main.c:186:5:ReadMotionSensor	16	static
../Core/Src/main.c:209:5:CheckSmokeAndControlLED	16	static
../Core/Src/main.c:231:6:BMP180_Init	8	static
../Core/Src/main.c:237:6:BMP180_ReadCalibrationData	48	static
../Core/Src/main.c:256:9:BMP180_ReadRawTemperature	32	static
../Core/Src/main.c:268:7:BMP180_GetTemperature	32	static
../Core/Src/main.c:281:6:CAN_Filter_Config	48	static
../Core/Src/main.c:303:6:CAN_Transmit	16	static
../Core/Src/main.c:331:6:SystemClock_Config	88	static
../Core/Src/main.c:373:13:MX_CAN2_Init	8	static
../Core/Src/main.c:410:13:MX_I2C1_Init	8	static
../Core/Src/main.c:444:13:MX_GPIO_Init	40	static
../Core/Src/main.c:483:6:Error_Handler	4	static,ignoring_inline_asm
